Clock: core_clock
Sources: clk_cpu 
Generated: no
Virtual: yes
Propagated: no
Period: 10.000000

===========================================================================
report_clock_properties
============================================================================
Clock                   Period          Waveform
----------------------------------------------------
core_clock           10.000000    0.000000  5.000000

===========================================================================
report_clock_latency
============================================================================
Clock core_clock
rise -> rise
    min     max
0.000000 0.000000 source latency
0.193279         network latency _2185_/CLK
        1.246500 network latency _2248_/CLK
---------------
0.193279 1.246500 latency
        1.053222 skew

rise -> fall
    min     max
0.000000 0.000000 source latency
0.637936         network latency _2171_/CLK
        1.035543 network latency _2248_/CLK
---------------
0.637936 1.035543 latency
        0.397607 skew

fall -> fall
    min     max
0.000000 0.000000 source latency
0.208105         network latency _2185_/CLK
        0.213109 network latency _2270_/CLK
---------------
0.208105 0.213109 latency
        0.005004 skew



===========================================================================
report_clock_min_period
============================================================================
core_clock period_min = 1.57 fmax = 638.19
