
===========================================================================
 report_power
============================================================================
======================= nom_tt_025C_1v80 Corner ===================================

Group                    Internal    Switching      Leakage        Total
                            Power        Power        Power        Power (Watts)
------------------------------------------------------------------------
Sequential           2.709364e-04 1.915189e-04 1.434231e-09 4.624568e-04  39.4%
Combinational        2.507901e-04 2.988350e-04 3.903554e-09 5.496290e-04  46.8%
Clock                1.045693e-04 5.833171e-05 2.959654e-09 1.629040e-04  13.9%
Macro                0.000000e+00 0.000000e+00 0.000000e+00 0.000000e+00   0.0%
Pad                  0.000000e+00 0.000000e+00 0.000000e+00 0.000000e+00   0.0%
------------------------------------------------------------------------
Total                6.262962e-04 5.486856e-04 8.297440e-09 1.174990e-03 100.0%
                            53.3%        46.7%         0.0%

