
===========================================================================
 report_power
============================================================================
======================= nom_ss_100C_1v60 Corner ===================================

Group                    Internal    Switching      Leakage        Total
                            Power        Power        Power        Power (Watts)
------------------------------------------------------------------------
Sequential           2.111781e-04 1.503616e-04 2.009690e-06 3.635494e-04  38.8%
Combinational        2.052685e-04 2.323054e-04 4.853495e-06 4.424274e-04  47.2%
Clock                8.557915e-05 4.513412e-05 1.194306e-07 1.308327e-04  14.0%
Macro                0.000000e+00 0.000000e+00 0.000000e+00 0.000000e+00   0.0%
Pad                  0.000000e+00 0.000000e+00 0.000000e+00 0.000000e+00   0.0%
------------------------------------------------------------------------
Total                5.020258e-04 4.278013e-04 6.982609e-06 9.368097e-04 100.0%
                            53.6%        45.7%         0.7%

