
===========================================================================
 report_power
============================================================================
======================= max_ss_100C_1v60 Corner ===================================

Group                    Internal    Switching      Leakage        Total
                            Power        Power        Power        Power (Watts)
------------------------------------------------------------------------
Sequential           2.096173e-04 1.566172e-04 2.009690e-06 3.682441e-04  38.6%
Combinational        2.052956e-04 2.415254e-04 4.853495e-06 4.516745e-04  47.4%
Clock                8.574121e-05 4.706354e-05 1.194306e-07 1.329242e-04  14.0%
Macro                0.000000e+00 0.000000e+00 0.000000e+00 0.000000e+00   0.0%
Pad                  0.000000e+00 0.000000e+00 0.000000e+00 0.000000e+00   0.0%
------------------------------------------------------------------------
Total                5.006541e-04 4.452062e-04 6.982609e-06 9.528429e-04 100.0%
                            52.5%        46.7%         0.7%

