
===========================================================================
 report_power
============================================================================
======================= min_ss_100C_1v60 Corner ===================================

Group                    Internal    Switching      Leakage        Total
                            Power        Power        Power        Power (Watts)
------------------------------------------------------------------------
Sequential           2.127500e-04 1.437104e-04 2.009690e-06 3.584701e-04  38.9%
Combinational        2.052096e-04 2.231519e-04 4.853495e-06 4.332150e-04  47.1%
Clock                8.543154e-05 4.342783e-05 1.194306e-07 1.289788e-04  14.0%
Macro                0.000000e+00 0.000000e+00 0.000000e+00 0.000000e+00   0.0%
Pad                  0.000000e+00 0.000000e+00 0.000000e+00 0.000000e+00   0.0%
------------------------------------------------------------------------
Total                5.033913e-04 4.102902e-04 6.982609e-06 9.206641e-04 100.0%
                            54.7%        44.6%         0.8%

