
===========================================================================
 report_power
============================================================================
======================= nom_ff_n40C_1v95 Corner ===================================

Group                    Internal    Switching      Leakage        Total
                            Power        Power        Power        Power (Watts)
------------------------------------------------------------------------
Sequential           3.115494e-04 2.269748e-04 1.800878e-09 5.385260e-04  39.7%
Combinational        2.740437e-04 3.553603e-04 6.275750e-09 6.294103e-04  46.4%
Clock                1.198530e-04 6.968544e-05 3.766875e-09 1.895422e-04  14.0%
Macro                0.000000e+00 0.000000e+00 0.000000e+00 0.000000e+00   0.0%
Pad                  0.000000e+00 0.000000e+00 0.000000e+00 0.000000e+00   0.0%
------------------------------------------------------------------------
Total                7.054462e-04 6.520206e-04 1.184348e-08 1.357479e-03 100.0%
                            52.0%        48.0%         0.0%

