
===========================================================================
 report_power
============================================================================
======================= max_ff_n40C_1v95 Corner ===================================

Group                    Internal    Switching      Leakage        Total
                            Power        Power        Power        Power (Watts)
------------------------------------------------------------------------
Sequential           3.093072e-04 2.362666e-04 1.800878e-09 5.455756e-04  39.5%
Combinational        2.742938e-04 3.690551e-04 6.275750e-09 6.433552e-04  46.6%
Clock                1.199127e-04 7.255129e-05 3.766875e-09 1.924677e-04  13.9%
Macro                0.000000e+00 0.000000e+00 0.000000e+00 0.000000e+00   0.0%
Pad                  0.000000e+00 0.000000e+00 0.000000e+00 0.000000e+00   0.0%
------------------------------------------------------------------------
Total                7.035138e-04 6.778729e-04 1.184348e-08 1.381399e-03 100.0%
                            50.9%        49.1%         0.0%

