
===========================================================================
 report_power
============================================================================
======================= min_tt_025C_1v80 Corner ===================================

Group                    Internal    Switching      Leakage        Total
                            Power        Power        Power        Power (Watts)
------------------------------------------------------------------------
Sequential           2.729159e-04 1.831010e-04 1.434231e-09 4.560184e-04  39.5%
Combinational        2.507148e-04 2.872500e-04 3.903554e-09 5.379687e-04  46.6%
Clock                1.044909e-04 5.617218e-05 2.959654e-09 1.606660e-04  13.9%
Macro                0.000000e+00 0.000000e+00 0.000000e+00 0.000000e+00   0.0%
Pad                  0.000000e+00 0.000000e+00 0.000000e+00 0.000000e+00   0.0%
------------------------------------------------------------------------
Total                6.281217e-04 5.265233e-04 8.297440e-09 1.154653e-03 100.0%
                            54.4%        45.6%         0.0%

