
===========================================================================
 report_power
============================================================================
======================= max_tt_025C_1v80 Corner ===================================

Group                    Internal    Switching      Leakage        Total
                            Power        Power        Power        Power (Watts)
------------------------------------------------------------------------
Sequential           2.689893e-04 1.994362e-04 1.434231e-09 4.684269e-04  39.2%
Combinational        2.508089e-04 3.105040e-04 3.903554e-09 5.613168e-04  47.0%
Clock                1.046518e-04 6.077363e-05 2.959654e-09 1.654284e-04  13.8%
Macro                0.000000e+00 0.000000e+00 0.000000e+00 0.000000e+00   0.0%
Pad                  0.000000e+00 0.000000e+00 0.000000e+00 0.000000e+00   0.0%
------------------------------------------------------------------------
Total                6.244502e-04 5.707140e-04 8.297440e-09 1.195172e-03 100.0%
                            52.2%        47.8%         0.0%

